[17:26:02]   loaded SAM.Analytical.UI.WPF mvid=34f2a3a5-77b4-44bd-9d57-609cc51b5131 2026-09-29T17:18:56 C:\Users\Virtual Machine\Documents\GitHub\SAM-BIM\SAM_UI\build\SAM.Analytical.UI.WPF.dll
[17:26:02]   loaded SAM.Analytical.UI mvid=5d229e9f-4441-49c4-91b9-968712ea2722 2026-09-29T17:18:47 C:\Users\Virtual Machine\Documents\GitHub\SAM-BIM\SAM_UI\build\SAM.Analytical.UI.dll
[17:26:02]   loaded SAM.Analytical mvid=6ce5aa0e-b5b6-4750-b22f-88bfccede9b7 2026-09-29T17:18:14 C:\TasOut\partoi-2026-09-29\hbin-after\SAM.Analytical.dll
[17:26:02]   loaded SAM.Analytical.Systems mvid=7725d8eb-6326-4028-8c78-ca0d16504903 2026-09-29T17:18:24 C:\TasOut\partoi-2026-09-29\hbin-after\SAM.Analytical.Systems.dll
[17:26:02]   loaded SAM.Analytical.Tas.TPD mvid=7231978f-ba31-414c-bafd-e217fa40d14d 2026-09-29T17:19:11 C:\TasOut\partoi-2026-09-29\hbin-after\SAM.Analytical.Tas.TPD.dll
[17:26:02]   loaded SAM.Analytical.Tas mvid=cda94bb3-6967-444b-b5e8-df5810c0f9b4 2026-09-29T17:19:10 C:\TasOut\partoi-2026-09-29\hbin-after\SAM.Analytical.Tas.dll
[17:29:21]   TOTAL 198.9 s
[17:29:21]   TIMING Input                         0.0 s
[17:29:21]   TIMING ReferenceA                    0.0 s
[17:29:21]   TIMING ReferenceATM59                4.2 s
[17:29:21]   TIMING SystemScope                   0.0 s
[17:29:21]   TIMING EquipmentResolution           0.0 s
[17:29:21]   TIMING Materialisation               0.1 s
[17:29:21]   TIMING ThermalSource                54.9 s
[17:29:21]   TIMING SystemsConversion           132.7 s
[17:29:21]   TIMING ResultantTemperature          4.0 s
[17:29:21]   TIMING CandidateBTM59                2.8 s
[17:29:21]   TIMING Reconciliation                0.0 s
[17:29:21]   TIMING Comparison                    0.0 s
[17:29:21]   TIMING Persistence                   0.2 s
[17:29:21]   LEDGER Input                  Completed  Reference run '000000_SAM_AnalyticalModel' (Iteration 2 - MVHR with manufacturer unit) is in this session, complete over the full year, and captured 3 prepared ventilation system identity(ies). Candidate B will be written as '000000_SAM_AnalyticalModel-It3BMG'.
[17:29:21]   LEDGER ReferenceA             Completed  Reference A is 'C:\TasOut\partoi-2026-09-29\run-exch2-after\000000_SAM_AnalyticalModel.tsd' over 8 dwelling room(s), produced by the existing TBD/IZAM route.
[17:29:21]   LEDGER ReferenceATM59         Completed  The existing TM59 authority assessed Reference A over 9 space(s): Pass. 8 dwelling room(s) carry a captured resultant temperature series.
[17:29:21]   LEDGER SystemScope            Completed  3 ventilation system(s) built by this iteration are the design under assessment; 3 authored system(s) carry no mechanical duty and were left out of the materialisation input.
[17:29:21]   LEDGER EquipmentResolution    Completed  3 air handling unit(s) resolved to a selected product's manufacturer guidance (provisional, not certified performance).
[17:29:21]   LEDGER Materialisation        Completed  SAM_Systems materialised the explicit mechanical ventilation over 8 room(s) with 25 analytical binding(s).
[17:29:21]   LEDGER ThermalSource          Completed  The no-IZAM thermal source simulated the same TAS case as Reference A: inherited IZAMs removed, mechanical ventilation gain neutralised, 9 room(s) carrying a TAS zone identity.
[17:29:21]   LEDGER SystemsConversion      Completed  3 physical air system(s), 8 room(s) and 14 directed leg(s) (3 supply, 6 extract, 5 transfer) converted and reconciled against the source graph.
[17:29:21]   LEDGER SystemsSimulation      Completed  The TAS Systems simulation is evidenced as complete. TAS said: Done
[17:29:21]   LEDGER ZoneTemperature        Completed  8 room(s) returned a complete finite ZoneTemperature series over hours 0..8759.
[17:29:21]   LEDGER ResultantTemperature   Completed  8 room(s) carry a complete finite ResultantTemperature series over hours 0..8759, obtained by: TAS Systems ZoneTemperature -> thermostat bridge on a copy of the no-IZAM TBD -> TSD ResultantTemperature
[17:29:21]   LEDGER CandidateBTM59         Completed  The existing TM59 authority assessed Candidate B over 9 space(s): Pass. The provider's series and the 70080 value(s) TM59 read from the same file are identical.
[17:29:21]   LEDGER Reconciliation         Completed  8 room(s) reconcile by identity between Reference A and Candidate B: same rooms, same TM59 criteria, same design airflows and the same transfer topology.
[17:29:21]   LEDGER Comparison             Completed  8 room(s), 70080 value(s): bias=0.889 K, RMSE=1.317 K, max|B-A|=3.636 K in 'Bedroom 2_3' at hour 1446. 0 TM59 criterion outcome(s) differ between the two routes.
[17:29:21]   LEDGER Persistence            Completed  Candidate B is reopenable at 'C:\TasOut\partoi-2026-09-29\run-exch2-after\000000_SAM_AnalyticalModel-It3BMG-Bridge.sam', provenanced to 'C:\TasOut\partoi-2026-09-29\run-exch2-after\000000_SAM_AnalyticalModel-It3BMG-Bridge.tsd', and the pairing record is at 'C:\TasOut\partoi-2026-09-29\run-exch2-after\000000_SAM_AnalyticalModel-Iteration3-MG.json'.
[17:29:21]   IsComplete True; record C:\TasOut\partoi-2026-09-29\run-exch2-after\000000_SAM_AnalyticalModel-Iteration3-MG.json
