[17:00:24] full axes 335 x 281; pruned 265 x 266 = 70490 cells
[17:00:24] BASE "MVHR-03": value=0.8 modifiers=1 old table 335x281x2 flow 63/80
[17:00:24] BASE "MVHR-02": value=0.8 modifiers=1 old table 335x281x2 flow 63/80
[17:00:24] BASE "MVHR-01": value=0.8 modifiers=1 old table 335x281x2 flow 30/80
[17:00:24] BASE: simulating
[17:00:48]    plant room 1: "Done" (24.1 s)
[17:00:49] BASE: 104 series read
[17:00:49] V1 "MVHR-03": value=0.8 modifiers=1 old table 335x281x2 flow 63/80
[17:00:50]    grid after SetSize(265,266,0): axis sizes 265 x 266 x 0
[17:01:05]    wrote 71025 calls in 16.0 s
[17:01:21]    read back 71021 calls in 15.7 s, 0 disagreements; modifier count 2, types 3/3, flow cells 0.8/0.8576
[17:01:21] V1 "MVHR-02": value=0.8 modifiers=1 old table 335x281x2 flow 63/80
[17:01:21]    grid after SetSize(265,266,0): axis sizes 265 x 266 x 0
[17:01:37]    wrote 71025 calls in 15.7 s
[17:01:53]    read back 71021 calls in 15.5 s, 0 disagreements; modifier count 2, types 3/3, flow cells 0.8/0.8576
[17:01:53] V1 "MVHR-01": value=0.8 modifiers=1 old table 335x281x2 flow 30/80
[17:01:53]    grid after SetSize(265,266,0): axis sizes 265 x 266 x 0
[17:02:08]    wrote 71025 calls in 15.9 s
[17:02:24]    read back 71021 calls in 15.7 s, 0 disagreements; modifier count 2, types 3/3, flow cells 0.8/0.8576
[17:02:24] V1: simulating
[17:02:48]    plant room 1: "Done" (24.3 s)
[17:02:49] V1: 104 series read
[17:02:50] V2 "MVHR-03": value=0.8 modifiers=1 old table 335x281x2 flow 63/80
[17:02:50]    grid after SetSize(265,266,0): axis sizes 265 x 266 x 0
[17:03:06]    wrote 71025 calls in 16.4 s
[17:03:22]    read back 71021 calls in 16.0 s, 0 disagreements; modifier count 2, types 3/3, flow cells 0.8/0.8576
[17:03:22] V2 "MVHR-02": value=0.8 modifiers=1 old table 335x281x2 flow 63/80
[17:03:22]    grid after SetSize(265,266,0): axis sizes 265 x 266 x 0
[17:03:38]    wrote 71025 calls in 16.3 s
[17:03:54]    read back 71021 calls in 15.8 s, 0 disagreements; modifier count 2, types 3/3, flow cells 0.8/0.8576
[17:03:54] V2 "MVHR-01": value=0.8 modifiers=1 old table 335x281x2 flow 30/80
[17:03:54]    grid after SetSize(265,266,0): axis sizes 265 x 266 x 0
[17:04:10]    wrote 71025 calls in 15.9 s
[17:04:26]    read back 71021 calls in 15.6 s, 0 disagreements; modifier count 2, types 3/3, flow cells 0.8/0.8576
[17:04:26] V2: simulating
[17:04:49]    plant room 1: "Done" (23.2 s)
[17:04:50] V2: 104 series read
[17:04:50] COMPARE V1 vs BASE: 104 of 104 duct series bit-identical; max |diff| 0; differing series-hours 0; worst 
[17:04:50] COMPARE V2 vs BASE: 104 of 104 duct series bit-identical; max |diff| 0; differing series-hours 0; worst 
